// Jest Snapshot v1, https://goo.gl/fbAQLP

exports[`SearchResults renders correctly 1`] = `
<DocumentFragment>
  <div
    class="search-results"
  >
    <img
      alt="space-img"
      class="data-img"
      data-testid="data-img"
      src="[object Object]"
    />
    <img
      alt="space-img"
      class="data-img"
      data-testid="data-img"
      src="[object Object]"
    />
  </div>
</DocumentFragment>
`;
